C51 COMPILER V9.01   MAIN                                                                  05/25/2019 21:53:52 PAGE 1   


C51 COMPILER V9.01, COMPILATION OF MODULE MAIN
OBJECT MODULE PLACED IN main.OBJ
COMPILER INVOKED BY: C:\Keil\C51\BIN\C51.EXE main.c BROWSE DEBUG OBJECTEXTEND

line level    source

   1          #include<reg52.h>
   2          
   3          sbit IR=P3^2;
   4          sbit DU=P2^0;
   5          sbit WE=P2^1;
   6          sbit mada=P3^1;
   7          sbit led88=P2^2;
   8          
   9          
  10          unsigned char code DuanMa[10]={0x3f,0x06,0x5b,0x4f,0x66,0x6d,0x7d,0x07,0x7f,0x6f};
  11          unsigned char code fz[8]={0xfe,0xfc,0xfd,0xf9,0xfb,0xf3,0xf7,0xf6};
  12          unsigned char code zz[8]={0xf6,0xf7,0xf3,0xfb,0xf9,0xfd,0xfc,0xfe};
  13          
  14          
  15          
  16          unsigned char  irtime;
  17          bit irpro_ok,irok;
  18          unsigned char IRcord[4];
  19          unsigned char irdata[33];
  20          
  21          unsigned int zl_count=0;
  22          unsigned int bj_flag=0;
  23          unsigned char pwm;
  24          unsigned int  time=0;
  25          
  26          
  27          void Ir_work(void);
  28          void Ircordpro(void);
  29          void bjdj();
  30          void delay(unsigned int xms);
  31          
  32          void delay(unsigned int xms)
  33          {
  34   1          unsigned int x,y;
  35   1          for(x=xms;x>0;x--)
  36   1              for(y=110;y>0;y--);
  37   1      }
  38          
  39          void tim0_isr (void) interrupt 1
  40          {
  41   1        irtime++;
  42   1      }
  43          
  44          
  45          
  46          
  47          void mada_con() interrupt 3{
  48   1              if(time==14000)time=0;
  49   1              TH1=(65536-1000)/256;
  50   1              TL1=(65536-1000)%256;
  51   1              zl_count++;
  52   1              time++;
  53   1              if(zl_count==pwm){
  54   2                      mada=0;
  55   2              }
C51 COMPILER V9.01   MAIN                                                                  05/25/2019 21:53:52 PAGE 2   

  56   1              
  57   1              if(zl_count==10){
  58   2                      mada=1;
  59   2                      zl_count=0;
  60   2              }
  61   1      }
  62          
  63          
  64          
  65          
  66          
  67          
  68          void EX0_ISR (void) interrupt 0 
  69          {
  70   1        static unsigned char  i;             //接收红外信号处理
  71   1        static bit startflag;                //是否开始处理标志位
  72   1      
  73   1      if(startflag)                         
  74   1         {
  75   2              if(irtime<63&&irtime>=32)//引导码 TC9012的头码，9ms+4.5ms
  76   2                                                      i=0;
  77   2                              irdata[i]=irtime;//存储每个电平的持续时间，用于以后判断是0还是1
  78   2                              irtime=0;
  79   2                              i++;
  80   2                               if(i==33)
  81   2                                      {
  82   3                                       irok=1;
  83   3                                       i=0;
  84   3                                      }
  85   2              }
  86   1               else
  87   1                      {
  88   2                              irtime=0;
  89   2                              startflag=1;
  90   2                      }
  91   1      }
  92          
  93          
  94          void TIM0init(void)
  95          {
  96   1      
  97   1              TH0=0x00;
  98   1              TL0=0x00;
  99   1              ET0=1;
 100   1              TR0=1;    
 101   1      }
 102          
 103          void TIM1init(void)
 104          {
 105   1              TMOD=0x12;
 106   1              TH1=(65536-1000)/256;
 107   1              TL1=(65536-1000)%256;
 108   1              pwm=0;
 109   1              mada=0;
 110   1              ET1=1;
 111   1              TR1=0;
 112   1      
 113   1      }
 114          
 115          
 116          
 117          void EX0init(void)
C51 COMPILER V9.01   MAIN                                                                  05/25/2019 21:53:52 PAGE 3   

 118          {
 119   1       IT0 = 1;
 120   1       EX0 = 1;
 121   1       EA = 1;
 122   1      }
 123          
 124          
 125          void Ir_work(void)
 126          {
 127   1              switch(IRcord[2])
 128   1                   {
 129   2                       case 0x45:
 130   2                                      if(TR1)
 131   2                                      {
 132   3                                              TR1=0;
 133   3                                              mada=0;
 134   3                                              P0=0x0;
 135   3                                              bj_flag=0;
 136   3                                      }
 137   2                                      else
 138   2                                      {
 139   3                                              TR1=1;
 140   3                                              pwm=3;
 141   3                                              mada=1;
 142   3                                              P0=DuanMa[1];
 143   3                                      }
 144   2                                      break;
 145   2      
 146   2                       case 0x46:
 147   2                                      if(TR1)
 148   2                                      {
 149   3                                              bj_flag=~bj_flag;
 150   3                                      }                
 151   2                                      break;
 152   2                       
 153   2                       
 154   2                       case 0x0c:
 155   2                                      if(TR1)
 156   2                                      {
 157   3                                              P0=DuanMa[1];
 158   3                                          pwm=3;      
 159   3                                      }                
 160   2                                      break;
 161   2      
 162   2                       case 0x18:
 163   2                                      if(TR1)
 164   2                                      {
 165   3                                              P0=DuanMa[2];
 166   3                                              pwm=6;  
 167   3                                      }        
 168   2                                      break;
 169   2                      
 170   2                       case 0x5e:
 171   2                                      if(TR1)
 172   2                                      {
 173   3                                              P0=DuanMa[3];
 174   3                                              pwm=9;          
 175   3                                      }
 176   2                                      break;
 177   2      
 178   2                   default:
 179   2                              break;
C51 COMPILER V9.01   MAIN                                                                  05/25/2019 21:53:52 PAGE 4   

 180   2                       }
 181   1                irpro_ok=0;
 182   1      
 183   1      }
 184          
 185          void Ircordpro(void)
 186          { 
 187   1              unsigned char i, j, k;
 188   1              unsigned char cord,value;
 189   1              
 190   1              k=1;
 191   1              for(i=0;i<4;i++)      //处理4个字节
 192   1               {
 193   2                for(j=1;j<=8;j++) //处理1个字节8位
 194   2                   {
 195   3                    cord=irdata[k];
 196   3                    if(cord>7)//大于某值为1，这个和晶振有绝对关系，这里使用12M计算，此值可以有一定误差
 197   3                       value|=0x80;
 198   3                    if(j<8)
 199   3                          {
 200   4                               value>>=1;
 201   4                              }
 202   3                     k++;
 203   3                   }
 204   2               IRcord[i]=value;
 205   2               value=0;     
 206   2               } 
 207   1               irpro_ok=1;
 208   1      }
 209          
 210          
 211          void bjdj(){
 212   1              unsigned int i=0;
 213   1              if(bj_flag)
 214   1              {
 215   2                      if(time<5000)
 216   2                      {
 217   3                              for(i=0;i<7;i++)
 218   3                              {
 219   4                                      P1=zz[i];
 220   4                                      delay(5);
 221   4                              }
 222   3                      }
 223   2                      
 224   2                      if(time>=5000 && time<7000)
 225   2                      {
 226   3                              P1=0x0;
 227   3                      }
 228   2                      
 229   2                      if(time>=7000 && time<12000)
 230   2                      {
 231   3                              for(i=0;i<7;i++)
 232   3                              {
 233   4                                      P1=fz[i];
 234   4                                      delay(5);
 235   4                              }
 236   3                      }
 237   2                      
 238   2                      if(time>=12000 && time<14000)
 239   2                      {
 240   3                              P1=0x0;
 241   3                      }
C51 COMPILER V9.01   MAIN                                                                  05/25/2019 21:53:52 PAGE 5   

 242   2              }       
 243   1      }
 244          
 245          
 246          
 247          
 248          void main()
 249          {
 250   1              EX0init();
 251   1              TIM0init();
 252   1              TIM1init();
 253   1              led88=0;
 254   1              P0=0xfe;
 255   1              WE=0;
 256   1              P0=0x0;
 257   1              bj_flag=0;
 258   1       while(1)
 259   1         {
 260   2              bjdj();
 261   2              if(irok)
 262   2                {   
 263   3                 Ircordpro();
 264   3                 irok=0;
 265   3                }
 266   2      
 267   2          if(irpro_ok)
 268   2                {
 269   3                 Ir_work();
 270   3                }
 271   2         }
 272   1      }
 273            
 274            


MODULE INFORMATION:   STATIC OVERLAYABLE
   CODE SIZE        =    543    ----
   CONSTANT SIZE    =     26    ----
   XDATA SIZE       =   ----    ----
   PDATA SIZE       =   ----    ----
   DATA SIZE        =     46    ----
   IDATA SIZE       =   ----    ----
   BIT SIZE         =      3    ----
END OF MODULE INFORMATION.


C51 COMPILATION COMPLETE.  0 WARNING(S),  0 ERROR(S)
